ARM GAS  C:\Users\EDTRIC~1\AppData\Local\Temp\cc394kUd.s 			page 1


   1              		.cpu cortex-m0
   2              		.fpu softvfp
   3              		.eabi_attribute 20, 1
   4              		.eabi_attribute 21, 1
   5              		.eabi_attribute 23, 3
   6              		.eabi_attribute 24, 1
   7              		.eabi_attribute 25, 1
   8              		.eabi_attribute 26, 1
   9              		.eabi_attribute 30, 1
  10              		.eabi_attribute 34, 0
  11              		.eabi_attribute 18, 4
  12              		.code	16
  13              		.file	"cyfitter_cfg.c"
  14              		.text
  15              	.Ltext0:
  16              		.cfi_sections	.debug_frame
  17              		.section	.text.CYMEMZERO,"ax",%progbits
  18              		.align	2
  19              		.code	16
  20              		.thumb_func
  21              		.type	CYMEMZERO, %function
  22              	CYMEMZERO:
  23              	.LFB0:
  24              		.file 1 ".\\Generated_Source\\PSoC4\\cyfitter_cfg.c"
   1:.\Generated_Source\PSoC4/cyfitter_cfg.c **** /*******************************************************************************
   2:.\Generated_Source\PSoC4/cyfitter_cfg.c **** * File Name: cyfitter_cfg.c
   3:.\Generated_Source\PSoC4/cyfitter_cfg.c **** * 
   4:.\Generated_Source\PSoC4/cyfitter_cfg.c **** * PSoC Creator  3.3 CP3
   5:.\Generated_Source\PSoC4/cyfitter_cfg.c **** *
   6:.\Generated_Source\PSoC4/cyfitter_cfg.c **** * Description:
   7:.\Generated_Source\PSoC4/cyfitter_cfg.c **** * This file contains device initialization code.
   8:.\Generated_Source\PSoC4/cyfitter_cfg.c **** * Except for the user defined sections in CyClockStartupError(), this file should not be modified.
   9:.\Generated_Source\PSoC4/cyfitter_cfg.c **** * This file is automatically generated by PSoC Creator.
  10:.\Generated_Source\PSoC4/cyfitter_cfg.c **** *
  11:.\Generated_Source\PSoC4/cyfitter_cfg.c **** ********************************************************************************
  12:.\Generated_Source\PSoC4/cyfitter_cfg.c **** * Copyright (c) 2007-2016 Cypress Semiconductor.  All rights reserved.
  13:.\Generated_Source\PSoC4/cyfitter_cfg.c **** * You may use this file only in accordance with the license, terms, conditions, 
  14:.\Generated_Source\PSoC4/cyfitter_cfg.c **** * disclaimers, and limitations in the end user license agreement accompanying 
  15:.\Generated_Source\PSoC4/cyfitter_cfg.c **** * the software package with which this file was provided.
  16:.\Generated_Source\PSoC4/cyfitter_cfg.c **** ********************************************************************************/
  17:.\Generated_Source\PSoC4/cyfitter_cfg.c **** 
  18:.\Generated_Source\PSoC4/cyfitter_cfg.c **** #include <string.h>
  19:.\Generated_Source\PSoC4/cyfitter_cfg.c **** #include "cytypes.h"
  20:.\Generated_Source\PSoC4/cyfitter_cfg.c **** #include "cydevice_trm.h"
  21:.\Generated_Source\PSoC4/cyfitter_cfg.c **** #include "cyfitter.h"
  22:.\Generated_Source\PSoC4/cyfitter_cfg.c **** #include "CyLib.h"
  23:.\Generated_Source\PSoC4/cyfitter_cfg.c **** #include "CyLFClk.h"
  24:.\Generated_Source\PSoC4/cyfitter_cfg.c **** #include "cyfitter_cfg.h"
  25:.\Generated_Source\PSoC4/cyfitter_cfg.c **** 
  26:.\Generated_Source\PSoC4/cyfitter_cfg.c **** 
  27:.\Generated_Source\PSoC4/cyfitter_cfg.c **** #if defined(__GNUC__) || defined(__ARMCC_VERSION)
  28:.\Generated_Source\PSoC4/cyfitter_cfg.c ****     #define CYPACKED 
  29:.\Generated_Source\PSoC4/cyfitter_cfg.c ****     #define CYPACKED_ATTR __attribute__ ((packed))
  30:.\Generated_Source\PSoC4/cyfitter_cfg.c ****     #define CYALIGNED __attribute__ ((aligned))
  31:.\Generated_Source\PSoC4/cyfitter_cfg.c ****     #define CY_CFG_UNUSED __attribute__ ((unused))
  32:.\Generated_Source\PSoC4/cyfitter_cfg.c ****     #ifndef CY_CFG_SECTION
  33:.\Generated_Source\PSoC4/cyfitter_cfg.c ****         #define CY_CFG_SECTION __attribute__ ((section(".psocinit")))
ARM GAS  C:\Users\EDTRIC~1\AppData\Local\Temp\cc394kUd.s 			page 2


  34:.\Generated_Source\PSoC4/cyfitter_cfg.c ****     #endif
  35:.\Generated_Source\PSoC4/cyfitter_cfg.c ****     
  36:.\Generated_Source\PSoC4/cyfitter_cfg.c ****     #if defined(__ARMCC_VERSION)
  37:.\Generated_Source\PSoC4/cyfitter_cfg.c ****         #define CY_CFG_MEMORY_BARRIER() __memory_changed()
  38:.\Generated_Source\PSoC4/cyfitter_cfg.c ****     #else
  39:.\Generated_Source\PSoC4/cyfitter_cfg.c ****         #define CY_CFG_MEMORY_BARRIER() __sync_synchronize()
  40:.\Generated_Source\PSoC4/cyfitter_cfg.c ****     #endif
  41:.\Generated_Source\PSoC4/cyfitter_cfg.c ****     
  42:.\Generated_Source\PSoC4/cyfitter_cfg.c **** #elif defined(__ICCARM__)
  43:.\Generated_Source\PSoC4/cyfitter_cfg.c ****     #include <intrinsics.h>
  44:.\Generated_Source\PSoC4/cyfitter_cfg.c **** 
  45:.\Generated_Source\PSoC4/cyfitter_cfg.c ****     #define CYPACKED __packed
  46:.\Generated_Source\PSoC4/cyfitter_cfg.c ****     #define CYPACKED_ATTR 
  47:.\Generated_Source\PSoC4/cyfitter_cfg.c ****     #define CYALIGNED _Pragma("data_alignment=4")
  48:.\Generated_Source\PSoC4/cyfitter_cfg.c ****     #define CY_CFG_UNUSED _Pragma("diag_suppress=Pe177")
  49:.\Generated_Source\PSoC4/cyfitter_cfg.c ****     #define CY_CFG_SECTION _Pragma("location=\".psocinit\"")
  50:.\Generated_Source\PSoC4/cyfitter_cfg.c ****     
  51:.\Generated_Source\PSoC4/cyfitter_cfg.c ****     #define CY_CFG_MEMORY_BARRIER() __DMB()
  52:.\Generated_Source\PSoC4/cyfitter_cfg.c ****     
  53:.\Generated_Source\PSoC4/cyfitter_cfg.c **** #else
  54:.\Generated_Source\PSoC4/cyfitter_cfg.c ****     #error Unsupported toolchain
  55:.\Generated_Source\PSoC4/cyfitter_cfg.c **** #endif
  56:.\Generated_Source\PSoC4/cyfitter_cfg.c **** 
  57:.\Generated_Source\PSoC4/cyfitter_cfg.c **** 
  58:.\Generated_Source\PSoC4/cyfitter_cfg.c **** CY_CFG_UNUSED
  59:.\Generated_Source\PSoC4/cyfitter_cfg.c **** static void CYMEMZERO(void *s, size_t n);
  60:.\Generated_Source\PSoC4/cyfitter_cfg.c **** CY_CFG_UNUSED
  61:.\Generated_Source\PSoC4/cyfitter_cfg.c **** static void CYMEMZERO(void *s, size_t n)
  62:.\Generated_Source\PSoC4/cyfitter_cfg.c **** {
  25              		.loc 1 62 0
  26              		.cfi_startproc
  27              	.LVL0:
  28 0000 08B5     		push	{r3, lr}
  29              		.cfi_def_cfa_offset 8
  30              		.cfi_offset 3, -8
  31              		.cfi_offset 14, -4
  32 0002 0A1C     		mov	r2, r1
  63:.\Generated_Source\PSoC4/cyfitter_cfg.c **** 	(void)memset(s, 0, n);
  33              		.loc 1 63 0
  34 0004 0021     		mov	r1, #0
  35              	.LVL1:
  36 0006 FFF7FEFF 		bl	memset
  37              	.LVL2:
  64:.\Generated_Source\PSoC4/cyfitter_cfg.c **** }
  38              		.loc 1 64 0
  39              		@ sp needed
  40 000a 08BD     		pop	{r3, pc}
  41              		.cfi_endproc
  42              	.LFE0:
  43              		.size	CYMEMZERO, .-CYMEMZERO
  44              		.section	.psocinit,"ax",%progbits
  45              		.align	2
  46              		.code	16
  47              		.thumb_func
  48              		.type	ClockSetup, %function
  49              	ClockSetup:
  50              	.LFB3:
ARM GAS  C:\Users\EDTRIC~1\AppData\Local\Temp\cc394kUd.s 			page 3


  65:.\Generated_Source\PSoC4/cyfitter_cfg.c **** CY_CFG_UNUSED
  66:.\Generated_Source\PSoC4/cyfitter_cfg.c **** static void CYCONFIGCPY(void *dest, const void *src, size_t n);
  67:.\Generated_Source\PSoC4/cyfitter_cfg.c **** CY_CFG_UNUSED
  68:.\Generated_Source\PSoC4/cyfitter_cfg.c **** static void CYCONFIGCPY(void *dest, const void *src, size_t n)
  69:.\Generated_Source\PSoC4/cyfitter_cfg.c **** {
  70:.\Generated_Source\PSoC4/cyfitter_cfg.c **** 	(void)memcpy(dest, src, n);
  71:.\Generated_Source\PSoC4/cyfitter_cfg.c **** }
  72:.\Generated_Source\PSoC4/cyfitter_cfg.c **** CY_CFG_UNUSED
  73:.\Generated_Source\PSoC4/cyfitter_cfg.c **** static void CYCONFIGCPYCODE(void *dest, const void *src, size_t n);
  74:.\Generated_Source\PSoC4/cyfitter_cfg.c **** CY_CFG_UNUSED
  75:.\Generated_Source\PSoC4/cyfitter_cfg.c **** static void CYCONFIGCPYCODE(void *dest, const void *src, size_t n)
  76:.\Generated_Source\PSoC4/cyfitter_cfg.c **** {
  77:.\Generated_Source\PSoC4/cyfitter_cfg.c **** 	(void)memcpy(dest, src, n);
  78:.\Generated_Source\PSoC4/cyfitter_cfg.c **** }
  79:.\Generated_Source\PSoC4/cyfitter_cfg.c **** 
  80:.\Generated_Source\PSoC4/cyfitter_cfg.c **** 
  81:.\Generated_Source\PSoC4/cyfitter_cfg.c **** 
  82:.\Generated_Source\PSoC4/cyfitter_cfg.c **** /* Clock startup error codes                                                   */
  83:.\Generated_Source\PSoC4/cyfitter_cfg.c **** #define CYCLOCKSTART_NO_ERROR    0u
  84:.\Generated_Source\PSoC4/cyfitter_cfg.c **** #define CYCLOCKSTART_XTAL_ERROR  1u
  85:.\Generated_Source\PSoC4/cyfitter_cfg.c **** #define CYCLOCKSTART_32KHZ_ERROR 2u
  86:.\Generated_Source\PSoC4/cyfitter_cfg.c **** #define CYCLOCKSTART_PLL_ERROR   3u
  87:.\Generated_Source\PSoC4/cyfitter_cfg.c **** 
  88:.\Generated_Source\PSoC4/cyfitter_cfg.c **** #ifdef CY_NEED_CYCLOCKSTARTUPERROR
  89:.\Generated_Source\PSoC4/cyfitter_cfg.c **** /*******************************************************************************
  90:.\Generated_Source\PSoC4/cyfitter_cfg.c **** * Function Name: CyClockStartupError
  91:.\Generated_Source\PSoC4/cyfitter_cfg.c **** ********************************************************************************
  92:.\Generated_Source\PSoC4/cyfitter_cfg.c **** * Summary:
  93:.\Generated_Source\PSoC4/cyfitter_cfg.c **** *  If an error is encountered during clock configuration (crystal startup error,
  94:.\Generated_Source\PSoC4/cyfitter_cfg.c **** *  PLL lock error, etc.), the system will end up here.  Unless reimplemented by
  95:.\Generated_Source\PSoC4/cyfitter_cfg.c **** *  the customer, this function will stop in an infinite loop.
  96:.\Generated_Source\PSoC4/cyfitter_cfg.c **** *
  97:.\Generated_Source\PSoC4/cyfitter_cfg.c **** * Parameters:
  98:.\Generated_Source\PSoC4/cyfitter_cfg.c **** *   void
  99:.\Generated_Source\PSoC4/cyfitter_cfg.c **** *
 100:.\Generated_Source\PSoC4/cyfitter_cfg.c **** * Return:
 101:.\Generated_Source\PSoC4/cyfitter_cfg.c **** *   void
 102:.\Generated_Source\PSoC4/cyfitter_cfg.c **** *
 103:.\Generated_Source\PSoC4/cyfitter_cfg.c **** *******************************************************************************/
 104:.\Generated_Source\PSoC4/cyfitter_cfg.c **** CY_CFG_UNUSED
 105:.\Generated_Source\PSoC4/cyfitter_cfg.c **** static void CyClockStartupError(uint8 errorCode);
 106:.\Generated_Source\PSoC4/cyfitter_cfg.c **** CY_CFG_UNUSED
 107:.\Generated_Source\PSoC4/cyfitter_cfg.c **** static void CyClockStartupError(uint8 errorCode)
 108:.\Generated_Source\PSoC4/cyfitter_cfg.c **** {
 109:.\Generated_Source\PSoC4/cyfitter_cfg.c ****     /* To remove the compiler warning if errorCode not used.                */
 110:.\Generated_Source\PSoC4/cyfitter_cfg.c ****     errorCode = errorCode;
 111:.\Generated_Source\PSoC4/cyfitter_cfg.c **** 
 112:.\Generated_Source\PSoC4/cyfitter_cfg.c ****     /* `#START CyClockStartupError` */
 113:.\Generated_Source\PSoC4/cyfitter_cfg.c **** 
 114:.\Generated_Source\PSoC4/cyfitter_cfg.c ****     /* If we have a clock startup error (bad MHz crystal, PLL lock, etc.),  */
 115:.\Generated_Source\PSoC4/cyfitter_cfg.c ****     /* we will end up here to allow the customer to implement something to  */
 116:.\Generated_Source\PSoC4/cyfitter_cfg.c ****     /* deal with the clock condition.                                       */
 117:.\Generated_Source\PSoC4/cyfitter_cfg.c **** 
 118:.\Generated_Source\PSoC4/cyfitter_cfg.c ****     /* `#END` */
 119:.\Generated_Source\PSoC4/cyfitter_cfg.c **** 
 120:.\Generated_Source\PSoC4/cyfitter_cfg.c ****     /* If nothing else, stop here since the clocks have not started         */
 121:.\Generated_Source\PSoC4/cyfitter_cfg.c ****     /* correctly.                                                           */
ARM GAS  C:\Users\EDTRIC~1\AppData\Local\Temp\cc394kUd.s 			page 4


 122:.\Generated_Source\PSoC4/cyfitter_cfg.c ****     while(1) {}
 123:.\Generated_Source\PSoC4/cyfitter_cfg.c **** }
 124:.\Generated_Source\PSoC4/cyfitter_cfg.c **** #endif
 125:.\Generated_Source\PSoC4/cyfitter_cfg.c **** 
 126:.\Generated_Source\PSoC4/cyfitter_cfg.c **** 
 127:.\Generated_Source\PSoC4/cyfitter_cfg.c **** 
 128:.\Generated_Source\PSoC4/cyfitter_cfg.c **** /*******************************************************************************
 129:.\Generated_Source\PSoC4/cyfitter_cfg.c **** * Function Name: ClockSetup
 130:.\Generated_Source\PSoC4/cyfitter_cfg.c **** ********************************************************************************
 131:.\Generated_Source\PSoC4/cyfitter_cfg.c **** *
 132:.\Generated_Source\PSoC4/cyfitter_cfg.c **** * Summary:
 133:.\Generated_Source\PSoC4/cyfitter_cfg.c **** *   Performs the initialization of all of the clocks in the device based on the
 134:.\Generated_Source\PSoC4/cyfitter_cfg.c **** *   settings in the Clock tab of the DWR.  This includes enabling the requested
 135:.\Generated_Source\PSoC4/cyfitter_cfg.c **** *   clocks and setting the necessary dividers to produce the desired frequency. 
 136:.\Generated_Source\PSoC4/cyfitter_cfg.c **** *
 137:.\Generated_Source\PSoC4/cyfitter_cfg.c **** * Parameters:
 138:.\Generated_Source\PSoC4/cyfitter_cfg.c **** *   void
 139:.\Generated_Source\PSoC4/cyfitter_cfg.c **** *
 140:.\Generated_Source\PSoC4/cyfitter_cfg.c **** * Return:
 141:.\Generated_Source\PSoC4/cyfitter_cfg.c **** *   void
 142:.\Generated_Source\PSoC4/cyfitter_cfg.c **** *
 143:.\Generated_Source\PSoC4/cyfitter_cfg.c **** *******************************************************************************/
 144:.\Generated_Source\PSoC4/cyfitter_cfg.c **** static void ClockSetup(void);
 145:.\Generated_Source\PSoC4/cyfitter_cfg.c **** CY_CFG_SECTION
 146:.\Generated_Source\PSoC4/cyfitter_cfg.c **** static void ClockSetup(void)
 147:.\Generated_Source\PSoC4/cyfitter_cfg.c **** {
  51              		.loc 1 147 0
  52              		.cfi_startproc
  53 0000 38B5     		push	{r3, r4, r5, lr}
  54              		.cfi_def_cfa_offset 16
  55              		.cfi_offset 3, -16
  56              		.cfi_offset 4, -12
  57              		.cfi_offset 5, -8
  58              		.cfi_offset 14, -4
 148:.\Generated_Source\PSoC4/cyfitter_cfg.c **** 	/* Enable HALF_EN before trimming for the flash accelerator. */
 149:.\Generated_Source\PSoC4/cyfitter_cfg.c **** 	CY_SET_REG32((void CYXDATA *)(CYREG_CLK_SELECT), (CY_GET_REG32((void *)CYREG_CLK_SELECT) | 0x00040
  59              		.loc 1 149 0
  60 0002 164C     		ldr	r4, .L3
  61 0004 2368     		ldr	r3, [r4]
  62 0006 8022     		mov	r2, #128
  63 0008 D202     		lsl	r2, r2, #11
  64 000a 1343     		orr	r3, r2
  65 000c 2360     		str	r3, [r4]
 150:.\Generated_Source\PSoC4/cyfitter_cfg.c **** 
 151:.\Generated_Source\PSoC4/cyfitter_cfg.c **** 	/* Setup and trim IMO based on desired frequency. */
 152:.\Generated_Source\PSoC4/cyfitter_cfg.c **** 	CySysClkWriteImoFreq(24u);
  66              		.loc 1 152 0
  67 000e 1820     		mov	r0, #24
  68 0010 FFF7FEFF 		bl	CySysClkWriteImoFreq
  69              	.LVL3:
 153:.\Generated_Source\PSoC4/cyfitter_cfg.c **** 
 154:.\Generated_Source\PSoC4/cyfitter_cfg.c **** 	/* Disable HALF_EN since it is not required at this IMO frequency. */
 155:.\Generated_Source\PSoC4/cyfitter_cfg.c **** 	CY_SET_REG32((void CYXDATA *)(CYREG_CLK_SELECT), (CY_GET_REG32((void *)CYREG_CLK_SELECT) & 0xFFFBF
  70              		.loc 1 155 0
  71 0014 2268     		ldr	r2, [r4]
  72 0016 124B     		ldr	r3, .L3+4
  73 0018 1340     		and	r3, r2
ARM GAS  C:\Users\EDTRIC~1\AppData\Local\Temp\cc394kUd.s 			page 5


  74 001a 2360     		str	r3, [r4]
 156:.\Generated_Source\PSoC4/cyfitter_cfg.c **** 	/* CYDEV_CLK_ILO_CONFIG Starting address: CYDEV_CLK_ILO_CONFIG */
 157:.\Generated_Source\PSoC4/cyfitter_cfg.c **** 	CY_SET_XTND_REG32((void CYFAR *)(CYREG_CLK_ILO_CONFIG), 0x80000006u);
  75              		.loc 1 157 0
  76 001c 114A     		ldr	r2, .L3+8
  77 001e 124B     		ldr	r3, .L3+12
  78 0020 1A60     		str	r2, [r3]
 158:.\Generated_Source\PSoC4/cyfitter_cfg.c **** 
 159:.\Generated_Source\PSoC4/cyfitter_cfg.c **** 
 160:.\Generated_Source\PSoC4/cyfitter_cfg.c **** 	/* CYDEV_CLK_SELECT00 Starting address: CYDEV_CLK_SELECT00 */
 161:.\Generated_Source\PSoC4/cyfitter_cfg.c **** 	CY_SET_XTND_REG32((void CYFAR *)(CYREG_CLK_SELECT02), 0x00000010u);
  79              		.loc 1 161 0
  80 0022 1022     		mov	r2, #16
  81 0024 114B     		ldr	r3, .L3+16
  82 0026 1A60     		str	r2, [r3]
 162:.\Generated_Source\PSoC4/cyfitter_cfg.c **** 	CY_SET_XTND_REG32((void CYFAR *)(CYREG_CLK_SELECT03), 0x00000020u);
  83              		.loc 1 162 0
  84 0028 1032     		add	r2, r2, #16
  85 002a 114B     		ldr	r3, .L3+20
  86 002c 1A60     		str	r2, [r3]
 163:.\Generated_Source\PSoC4/cyfitter_cfg.c **** 
 164:.\Generated_Source\PSoC4/cyfitter_cfg.c **** 	/* CYDEV_CLK_IMO_CONFIG Starting address: CYDEV_CLK_IMO_CONFIG */
 165:.\Generated_Source\PSoC4/cyfitter_cfg.c **** 	CY_SET_XTND_REG32((void CYFAR *)(CYREG_CLK_IMO_CONFIG), 0x80000000u);
  87              		.loc 1 165 0
  88 002e 8022     		mov	r2, #128
  89 0030 1206     		lsl	r2, r2, #24
  90 0032 104B     		ldr	r3, .L3+24
  91 0034 1A60     		str	r2, [r3]
 166:.\Generated_Source\PSoC4/cyfitter_cfg.c **** 
 167:.\Generated_Source\PSoC4/cyfitter_cfg.c **** 	/* CYDEV_CLK_SELECT Starting address: CYDEV_CLK_SELECT */
 168:.\Generated_Source\PSoC4/cyfitter_cfg.c **** 	CY_SET_XTND_REG32((void CYFAR *)(CYREG_CLK_SELECT), 0x00000000u);
  92              		.loc 1 168 0
  93 0036 0025     		mov	r5, #0
  94 0038 2560     		str	r5, [r4]
 169:.\Generated_Source\PSoC4/cyfitter_cfg.c **** 
 170:.\Generated_Source\PSoC4/cyfitter_cfg.c **** 	/* CYDEV_CLK_DIVIDER_A00 Starting address: CYDEV_CLK_DIVIDER_A00 */
 171:.\Generated_Source\PSoC4/cyfitter_cfg.c **** 	CY_SET_XTND_REG32((void CYFAR *)(CYREG_CLK_DIVIDER_A00), 0x8000000Eu);
  95              		.loc 1 171 0
  96 003a 0F4A     		ldr	r2, .L3+28
  97 003c 0F4B     		ldr	r3, .L3+32
  98 003e 1A60     		str	r2, [r3]
 172:.\Generated_Source\PSoC4/cyfitter_cfg.c **** 
 173:.\Generated_Source\PSoC4/cyfitter_cfg.c **** 	/* CYDEV_CLK_DIVIDER_B00 Starting address: CYDEV_CLK_DIVIDER_B00 */
 174:.\Generated_Source\PSoC4/cyfitter_cfg.c **** 	CY_SET_XTND_REG32((void CYFAR *)(CYREG_CLK_DIVIDER_B00), 0x80000010u);
  99              		.loc 1 174 0
 100 0040 0F4A     		ldr	r2, .L3+36
 101 0042 104B     		ldr	r3, .L3+40
 102 0044 1A60     		str	r2, [r3]
 175:.\Generated_Source\PSoC4/cyfitter_cfg.c **** 
 176:.\Generated_Source\PSoC4/cyfitter_cfg.c **** 	(void)CyIntSetVector(9u, &CySysWdtIsr);
 103              		.loc 1 176 0
 104 0046 0920     		mov	r0, #9
 105 0048 0F49     		ldr	r1, .L3+44
 106 004a FFF7FEFF 		bl	CyIntSetVector
 107              	.LVL4:
 177:.\Generated_Source\PSoC4/cyfitter_cfg.c **** 	CyIntEnable(9u);
 108              		.loc 1 177 0
ARM GAS  C:\Users\EDTRIC~1\AppData\Local\Temp\cc394kUd.s 			page 6


 109 004e 0920     		mov	r0, #9
 110 0050 FFF7FEFF 		bl	CyIntEnable
 111              	.LVL5:
 178:.\Generated_Source\PSoC4/cyfitter_cfg.c **** 	CY_SET_XTND_REG32((void CYFAR *)(CYREG_WDT_CONFIG), 0x00000000u);
 112              		.loc 1 178 0
 113 0054 0D4B     		ldr	r3, .L3+48
 114 0056 1D60     		str	r5, [r3]
 179:.\Generated_Source\PSoC4/cyfitter_cfg.c **** }
 115              		.loc 1 179 0
 116              		@ sp needed
 117 0058 38BD     		pop	{r3, r4, r5, pc}
 118              	.L4:
 119 005a C046     		.align	2
 120              	.L3:
 121 005c 00010B40 		.word	1074462976
 122 0060 FFFFFBFF 		.word	-262145
 123 0064 06000080 		.word	-2147483642
 124 0068 04010B40 		.word	1074462980
 125 006c 08020240 		.word	1073873416
 126 0070 0C020240 		.word	1073873420
 127 0074 08010B40 		.word	1074462984
 128 0078 0E000080 		.word	-2147483634
 129 007c 00000240 		.word	1073872896
 130 0080 10000080 		.word	-2147483632
 131 0084 40000240 		.word	1073872960
 132 0088 00000000 		.word	CySysWdtIsr
 133 008c 0C020B40 		.word	1074463244
 134              		.cfi_endproc
 135              	.LFE3:
 136              		.size	ClockSetup, .-ClockSetup
 137              		.align	2
 138              		.global	cyfitter_cfg
 139              		.code	16
 140              		.thumb_func
 141              		.type	cyfitter_cfg, %function
 142              	cyfitter_cfg:
 143              	.LFB5:
 180:.\Generated_Source\PSoC4/cyfitter_cfg.c **** 
 181:.\Generated_Source\PSoC4/cyfitter_cfg.c **** 
 182:.\Generated_Source\PSoC4/cyfitter_cfg.c **** /* Analog API Functions */
 183:.\Generated_Source\PSoC4/cyfitter_cfg.c **** 
 184:.\Generated_Source\PSoC4/cyfitter_cfg.c **** 
 185:.\Generated_Source\PSoC4/cyfitter_cfg.c **** /*******************************************************************************
 186:.\Generated_Source\PSoC4/cyfitter_cfg.c **** * Function Name: AnalogSetDefault
 187:.\Generated_Source\PSoC4/cyfitter_cfg.c **** ********************************************************************************
 188:.\Generated_Source\PSoC4/cyfitter_cfg.c **** *
 189:.\Generated_Source\PSoC4/cyfitter_cfg.c **** * Summary:
 190:.\Generated_Source\PSoC4/cyfitter_cfg.c **** *  Sets up the analog portions of the chip to default values based on chip
 191:.\Generated_Source\PSoC4/cyfitter_cfg.c **** *  configuration options from the project.
 192:.\Generated_Source\PSoC4/cyfitter_cfg.c **** *
 193:.\Generated_Source\PSoC4/cyfitter_cfg.c **** * Parameters:
 194:.\Generated_Source\PSoC4/cyfitter_cfg.c **** *  void
 195:.\Generated_Source\PSoC4/cyfitter_cfg.c **** *
 196:.\Generated_Source\PSoC4/cyfitter_cfg.c **** * Return:
 197:.\Generated_Source\PSoC4/cyfitter_cfg.c **** *  void
 198:.\Generated_Source\PSoC4/cyfitter_cfg.c **** *
 199:.\Generated_Source\PSoC4/cyfitter_cfg.c **** *******************************************************************************/
ARM GAS  C:\Users\EDTRIC~1\AppData\Local\Temp\cc394kUd.s 			page 7


 200:.\Generated_Source\PSoC4/cyfitter_cfg.c **** static void AnalogSetDefault(void);
 201:.\Generated_Source\PSoC4/cyfitter_cfg.c **** static void AnalogSetDefault(void)
 202:.\Generated_Source\PSoC4/cyfitter_cfg.c **** {
 203:.\Generated_Source\PSoC4/cyfitter_cfg.c **** }
 204:.\Generated_Source\PSoC4/cyfitter_cfg.c **** 
 205:.\Generated_Source\PSoC4/cyfitter_cfg.c **** #define CY_AMUX_UNUSED CYREG_CM0_ROM_DWT
 206:.\Generated_Source\PSoC4/cyfitter_cfg.c **** 
 207:.\Generated_Source\PSoC4/cyfitter_cfg.c **** 
 208:.\Generated_Source\PSoC4/cyfitter_cfg.c **** /*******************************************************************************
 209:.\Generated_Source\PSoC4/cyfitter_cfg.c **** * Function Name: cyfitter_cfg
 210:.\Generated_Source\PSoC4/cyfitter_cfg.c **** ********************************************************************************
 211:.\Generated_Source\PSoC4/cyfitter_cfg.c **** * Summary:
 212:.\Generated_Source\PSoC4/cyfitter_cfg.c **** *  This function is called by the start-up code for the selected device. It
 213:.\Generated_Source\PSoC4/cyfitter_cfg.c **** *  performs all of the necessary device configuration based on the design
 214:.\Generated_Source\PSoC4/cyfitter_cfg.c **** *  settings.  This includes settings from the Design Wide Resources (DWR) such
 215:.\Generated_Source\PSoC4/cyfitter_cfg.c **** *  as Clocks and Pins as well as any component configuration that is necessary.
 216:.\Generated_Source\PSoC4/cyfitter_cfg.c **** *
 217:.\Generated_Source\PSoC4/cyfitter_cfg.c **** * Parameters:  
 218:.\Generated_Source\PSoC4/cyfitter_cfg.c **** *   void
 219:.\Generated_Source\PSoC4/cyfitter_cfg.c **** *
 220:.\Generated_Source\PSoC4/cyfitter_cfg.c **** * Return:
 221:.\Generated_Source\PSoC4/cyfitter_cfg.c **** *   void
 222:.\Generated_Source\PSoC4/cyfitter_cfg.c **** *
 223:.\Generated_Source\PSoC4/cyfitter_cfg.c **** *******************************************************************************/
 224:.\Generated_Source\PSoC4/cyfitter_cfg.c **** CY_CFG_SECTION
 225:.\Generated_Source\PSoC4/cyfitter_cfg.c **** void cyfitter_cfg(void)
 226:.\Generated_Source\PSoC4/cyfitter_cfg.c **** {
 144              		.loc 1 226 0
 145              		.cfi_startproc
 146 0090 10B5     		push	{r4, lr}
 147              		.cfi_def_cfa_offset 8
 148              		.cfi_offset 4, -8
 149              		.cfi_offset 14, -4
 227:.\Generated_Source\PSoC4/cyfitter_cfg.c **** 	/* Disable interrupts by default. Let user enable if/when they want. */
 228:.\Generated_Source\PSoC4/cyfitter_cfg.c **** 	CyGlobalIntDisable;
 150              		.loc 1 228 0
 151              	@ 228 ".\Generated_Source\PSoC4\cyfitter_cfg.c" 1
 152 0092 72B6     		CPSID   i
 153              	@ 0 "" 2
 154              	.LVL6:
 155              		.code	16
 156              	.LBB2:
 229:.\Generated_Source\PSoC4/cyfitter_cfg.c **** 
 230:.\Generated_Source\PSoC4/cyfitter_cfg.c **** 	{
 231:.\Generated_Source\PSoC4/cyfitter_cfg.c **** 
 232:.\Generated_Source\PSoC4/cyfitter_cfg.c **** 		CYPACKED typedef struct {
 233:.\Generated_Source\PSoC4/cyfitter_cfg.c **** 			void CYFAR *address;
 234:.\Generated_Source\PSoC4/cyfitter_cfg.c **** 			uint16 size;
 235:.\Generated_Source\PSoC4/cyfitter_cfg.c **** 		} CYPACKED_ATTR cfg_memset_t;
 236:.\Generated_Source\PSoC4/cyfitter_cfg.c **** 
 237:.\Generated_Source\PSoC4/cyfitter_cfg.c **** 		static const cfg_memset_t CYCODE cfg_memset_list [] = {
 238:.\Generated_Source\PSoC4/cyfitter_cfg.c **** 			/* address, size */
 239:.\Generated_Source\PSoC4/cyfitter_cfg.c **** 			{(void CYFAR *)(CYDEV_UDB_P0_U0_BASE), 1024u},
 240:.\Generated_Source\PSoC4/cyfitter_cfg.c **** 			{(void CYFAR *)(CYDEV_UDB_DSI0_BASE), 1024u},
 241:.\Generated_Source\PSoC4/cyfitter_cfg.c **** 		};
 242:.\Generated_Source\PSoC4/cyfitter_cfg.c **** 
 243:.\Generated_Source\PSoC4/cyfitter_cfg.c **** 		uint8 CYDATA i;
ARM GAS  C:\Users\EDTRIC~1\AppData\Local\Temp\cc394kUd.s 			page 8


 244:.\Generated_Source\PSoC4/cyfitter_cfg.c **** 
 245:.\Generated_Source\PSoC4/cyfitter_cfg.c **** 		/* Zero out critical memory blocks before beginning configuration */
 246:.\Generated_Source\PSoC4/cyfitter_cfg.c **** 		for (i = 0u; i < (sizeof(cfg_memset_list)/sizeof(cfg_memset_list[0])); i++)
 157              		.loc 1 246 0
 158 0094 0024     		mov	r4, #0
 159 0096 10E0     		b	.L6
 160              	.LVL7:
 161              	.L7:
 162              	.LBB3:
 247:.\Generated_Source\PSoC4/cyfitter_cfg.c **** 		{
 248:.\Generated_Source\PSoC4/cyfitter_cfg.c **** 			const cfg_memset_t CYCODE * CYDATA ms = &cfg_memset_list[i];
 249:.\Generated_Source\PSoC4/cyfitter_cfg.c **** 			CYMEMZERO(ms->address, (size_t)(uint32)(ms->size));
 163              		.loc 1 249 0 discriminator 3
 164 0098 2448     		ldr	r0, .L8
 165 009a 6300     		lsl	r3, r4, #1
 166 009c 1A19     		add	r2, r3, r4
 167 009e 5200     		lsl	r2, r2, #1
 168 00a0 8218     		add	r2, r0, r2
 169 00a2 9188     		ldrh	r1, [r2, #4]
 170 00a4 1B19     		add	r3, r3, r4
 171 00a6 5B00     		lsl	r3, r3, #1
 172 00a8 1A5A     		ldrh	r2, [r3, r0]
 173 00aa C318     		add	r3, r0, r3
 174 00ac 5888     		ldrh	r0, [r3, #2]
 175 00ae 0004     		lsl	r0, r0, #16
 176 00b0 1043     		orr	r0, r2
 177 00b2 FFF7FEFF 		bl	CYMEMZERO
 178              	.LVL8:
 179              	.LBE3:
 246:.\Generated_Source\PSoC4/cyfitter_cfg.c **** 		{
 180              		.loc 1 246 0 discriminator 3
 181 00b6 0134     		add	r4, r4, #1
 182              	.LVL9:
 183 00b8 E4B2     		uxtb	r4, r4
 184              	.LVL10:
 185              	.L6:
 246:.\Generated_Source\PSoC4/cyfitter_cfg.c **** 		{
 186              		.loc 1 246 0 is_stmt 0 discriminator 1
 187 00ba 012C     		cmp	r4, #1
 188 00bc ECD9     		bls	.L7
 250:.\Generated_Source\PSoC4/cyfitter_cfg.c **** 		}
 251:.\Generated_Source\PSoC4/cyfitter_cfg.c **** 
 252:.\Generated_Source\PSoC4/cyfitter_cfg.c **** 		/* HSIOM Starting address: CYDEV_HSIOM_BASE */
 253:.\Generated_Source\PSoC4/cyfitter_cfg.c **** 		CY_SET_XTND_REG32((void CYFAR *)(CYDEV_HSIOM_BASE), 0x00900000u);
 189              		.loc 1 253 0 is_stmt 1
 190 00be 9022     		mov	r2, #144
 191 00c0 1204     		lsl	r2, r2, #16
 192 00c2 1B4B     		ldr	r3, .L8+4
 193 00c4 1A60     		str	r2, [r3]
 254:.\Generated_Source\PSoC4/cyfitter_cfg.c **** 		CY_SET_XTND_REG32((void CYFAR *)(CYREG_HSIOM_PORT_SEL3), 0x0000EE00u);
 194              		.loc 1 254 0
 195 00c6 EE22     		mov	r2, #238
 196 00c8 1202     		lsl	r2, r2, #8
 197 00ca 1A4B     		ldr	r3, .L8+8
 198 00cc 1A60     		str	r2, [r3]
 255:.\Generated_Source\PSoC4/cyfitter_cfg.c **** 		CY_SET_XTND_REG32((void CYFAR *)(CYREG_HSIOM_PORT_SEL4), 0x000000EEu);
 199              		.loc 1 255 0
ARM GAS  C:\Users\EDTRIC~1\AppData\Local\Temp\cc394kUd.s 			page 9


 200 00ce EE22     		mov	r2, #238
 201 00d0 194B     		ldr	r3, .L8+12
 202 00d2 1A60     		str	r2, [r3]
 256:.\Generated_Source\PSoC4/cyfitter_cfg.c **** 
 257:.\Generated_Source\PSoC4/cyfitter_cfg.c **** 		/* UDB_PA_0 Starting address: CYDEV_UDB_PA0_BASE */
 258:.\Generated_Source\PSoC4/cyfitter_cfg.c **** 		CY_SET_XTND_REG32((void CYFAR *)(CYDEV_UDB_PA0_BASE), 0x00990000u);
 203              		.loc 1 258 0
 204 00d4 9923     		mov	r3, #153
 205 00d6 1B04     		lsl	r3, r3, #16
 206 00d8 184A     		ldr	r2, .L8+16
 207 00da 1360     		str	r3, [r2]
 259:.\Generated_Source\PSoC4/cyfitter_cfg.c **** 
 260:.\Generated_Source\PSoC4/cyfitter_cfg.c **** 		/* UDB_PA_3 Starting address: CYDEV_UDB_PA3_BASE */
 261:.\Generated_Source\PSoC4/cyfitter_cfg.c **** 		CY_SET_XTND_REG32((void CYFAR *)(CYDEV_UDB_PA3_BASE), 0x00990000u);
 208              		.loc 1 261 0
 209 00dc 184A     		ldr	r2, .L8+20
 210 00de 1360     		str	r3, [r2]
 262:.\Generated_Source\PSoC4/cyfitter_cfg.c **** 
 263:.\Generated_Source\PSoC4/cyfitter_cfg.c **** 		/* Enable digital routing */
 264:.\Generated_Source\PSoC4/cyfitter_cfg.c **** 		CY_SET_XTND_REG8((void *)CYREG_UDB_UDBIF_BANK_CTL, CY_GET_XTND_REG8((void *)CYREG_UDB_UDBIF_BANK_
 211              		.loc 1 264 0
 212 00e0 184B     		ldr	r3, .L8+24
 213 00e2 1978     		ldrb	r1, [r3]
 214 00e4 0222     		mov	r2, #2
 215 00e6 0A43     		orr	r2, r1
 216 00e8 1A70     		strb	r2, [r3]
 265:.\Generated_Source\PSoC4/cyfitter_cfg.c **** 
 266:.\Generated_Source\PSoC4/cyfitter_cfg.c **** 		/* Enable UDB array */
 267:.\Generated_Source\PSoC4/cyfitter_cfg.c **** 		CY_SET_XTND_REG8((void *)CYREG_UDB_UDBIF_WAIT_CFG, (uint8)((CY_GET_XTND_REG8((void *)CYREG_UDB_UD
 217              		.loc 1 267 0
 218 00ea 1748     		ldr	r0, .L8+28
 219 00ec 0278     		ldrb	r2, [r0]
 220 00ee 3C21     		mov	r1, #60
 221 00f0 8A43     		bic	r2, r1
 222 00f2 2839     		sub	r1, r1, #40
 223 00f4 0A43     		orr	r2, r1
 224 00f6 0270     		strb	r2, [r0]
 268:.\Generated_Source\PSoC4/cyfitter_cfg.c **** 		CY_SET_XTND_REG8((void *)CYREG_UDB_UDBIF_BANK_CTL, (uint8)(CY_GET_XTND_REG8((void *)CYREG_UDB_UDB
 225              		.loc 1 268 0
 226 00f8 1978     		ldrb	r1, [r3]
 227 00fa 1622     		mov	r2, #22
 228 00fc 0A43     		orr	r2, r1
 229 00fe 1A70     		strb	r2, [r3]
 230              	.LBE2:
 269:.\Generated_Source\PSoC4/cyfitter_cfg.c **** 	}
 270:.\Generated_Source\PSoC4/cyfitter_cfg.c **** 
 271:.\Generated_Source\PSoC4/cyfitter_cfg.c **** 	/* Perform second pass device configuration. These items must be configured in specific order afte
 272:.\Generated_Source\PSoC4/cyfitter_cfg.c **** 	/* IOPINS0_0 Starting address: CYDEV_PRT0_BASE */
 273:.\Generated_Source\PSoC4/cyfitter_cfg.c **** 	CY_SET_XTND_REG32((void CYFAR *)(CYDEV_PRT0_BASE), 0x00000020u);
 231              		.loc 1 273 0
 232 0100 2023     		mov	r3, #32
 233 0102 124A     		ldr	r2, .L8+32
 234 0104 1360     		str	r3, [r2]
 274:.\Generated_Source\PSoC4/cyfitter_cfg.c **** 	CY_SET_XTND_REG32((void CYFAR *)(CYREG_PRT0_PC), 0x00030000u);
 235              		.loc 1 274 0
 236 0106 C021     		mov	r1, #192
 237 0108 8902     		lsl	r1, r1, #10
ARM GAS  C:\Users\EDTRIC~1\AppData\Local\Temp\cc394kUd.s 			page 10


 238 010a 114A     		ldr	r2, .L8+36
 239 010c 1160     		str	r1, [r2]
 275:.\Generated_Source\PSoC4/cyfitter_cfg.c **** 	CY_SET_XTND_REG32((void CYFAR *)(CYREG_PRT0_PC2), 0x00000020u);
 240              		.loc 1 275 0
 241 010e 114A     		ldr	r2, .L8+40
 242 0110 1360     		str	r3, [r2]
 276:.\Generated_Source\PSoC4/cyfitter_cfg.c **** 
 277:.\Generated_Source\PSoC4/cyfitter_cfg.c **** 	/* IOPINS0_3 Starting address: CYDEV_PRT3_BASE */
 278:.\Generated_Source\PSoC4/cyfitter_cfg.c **** 	CY_SET_XTND_REG32((void CYFAR *)(CYREG_PRT3_PC), 0x00000D80u);
 243              		.loc 1 278 0
 244 0112 D822     		mov	r2, #216
 245 0114 1201     		lsl	r2, r2, #4
 246 0116 104B     		ldr	r3, .L8+44
 247 0118 1A60     		str	r2, [r3]
 279:.\Generated_Source\PSoC4/cyfitter_cfg.c **** 
 280:.\Generated_Source\PSoC4/cyfitter_cfg.c **** 	/* IOPINS0_4 Starting address: CYDEV_PRT4_BASE */
 281:.\Generated_Source\PSoC4/cyfitter_cfg.c **** 	CY_SET_XTND_REG32((void CYFAR *)(CYDEV_PRT4_BASE), 0x00000003u);
 248              		.loc 1 281 0
 249 011a 0322     		mov	r2, #3
 250 011c 0F4B     		ldr	r3, .L8+48
 251 011e 1A60     		str	r2, [r3]
 282:.\Generated_Source\PSoC4/cyfitter_cfg.c **** 	CY_SET_XTND_REG32((void CYFAR *)(CYREG_PRT4_PC), 0x00000024u);
 252              		.loc 1 282 0
 253 0120 2132     		add	r2, r2, #33
 254 0122 0F4B     		ldr	r3, .L8+52
 255 0124 1A60     		str	r2, [r3]
 283:.\Generated_Source\PSoC4/cyfitter_cfg.c **** 
 284:.\Generated_Source\PSoC4/cyfitter_cfg.c **** 
 285:.\Generated_Source\PSoC4/cyfitter_cfg.c **** 	/* Setup clocks based on selections from Clock DWR */
 286:.\Generated_Source\PSoC4/cyfitter_cfg.c **** 	ClockSetup();
 256              		.loc 1 286 0
 257 0126 FFF76BFF 		bl	ClockSetup
 258              	.LVL11:
 287:.\Generated_Source\PSoC4/cyfitter_cfg.c **** 
 288:.\Generated_Source\PSoC4/cyfitter_cfg.c **** 	/* Perform basic analog initialization to defaults */
 289:.\Generated_Source\PSoC4/cyfitter_cfg.c **** 	AnalogSetDefault();
 290:.\Generated_Source\PSoC4/cyfitter_cfg.c **** 
 291:.\Generated_Source\PSoC4/cyfitter_cfg.c **** }
 259              		.loc 1 291 0
 260              		@ sp needed
 261              	.LVL12:
 262 012a 10BD     		pop	{r4, pc}
 263              	.L9:
 264              		.align	2
 265              	.L8:
 266 012c 00000000 		.word	.LANCHOR0
 267 0130 00000140 		.word	1073807360
 268 0134 0C000140 		.word	1073807372
 269 0138 10000140 		.word	1073807376
 270 013c 00500F40 		.word	1074745344
 271 0140 30500F40 		.word	1074745392
 272 0144 00700F40 		.word	1074753536
 273 0148 01700F40 		.word	1074753537
 274 014c 00000440 		.word	1074003968
 275 0150 08000440 		.word	1074003976
 276 0154 18000440 		.word	1074003992
 277 0158 08030440 		.word	1074004744
ARM GAS  C:\Users\EDTRIC~1\AppData\Local\Temp\cc394kUd.s 			page 11


 278 015c 00040440 		.word	1074004992
 279 0160 08040440 		.word	1074005000
 280              		.cfi_endproc
 281              	.LFE5:
 282              		.size	cyfitter_cfg, .-cyfitter_cfg
 283              		.section	.rodata
 284              		.align	2
 285              		.set	.LANCHOR0,. + 0
 286              		.type	cfg_memset_list.4714, %object
 287              		.size	cfg_memset_list.4714, 12
 288              	cfg_memset_list.4714:
 289 0000 00300F40 		.word	1074737152
 290 0004 0004     		.short	1024
 291 0006 00400F40 		.4byte	1074741248
 292 000a 0004     		.short	1024
 293              		.text
 294              	.Letext0:
 295              		.file 2 "c:\\program files (x86)\\cypress\\psoc creator\\3.3\\psoc creator\\import\\gnu\\arm\\4.9.
 296              		.file 3 ".\\Generated_Source\\PSoC4\\cytypes.h"
 297              		.file 4 ".\\Generated_Source\\PSoC4\\CyLib.h"
 298              		.section	.debug_info,"",%progbits
 299              	.Ldebug_info0:
 300 0000 8C020000 		.4byte	0x28c
 301 0004 0400     		.2byte	0x4
 302 0006 00000000 		.4byte	.Ldebug_abbrev0
 303 000a 04       		.byte	0x4
 304 000b 01       		.uleb128 0x1
 305 000c 7C010000 		.4byte	.LASF28
 306 0010 01       		.byte	0x1
 307 0011 38010000 		.4byte	.LASF29
 308 0015 98000000 		.4byte	.LASF30
 309 0019 00000000 		.4byte	.Ldebug_ranges0+0
 310 001d 00000000 		.4byte	0
 311 0021 00000000 		.4byte	.Ldebug_line0
 312 0025 02       		.uleb128 0x2
 313 0026 04       		.byte	0x4
 314 0027 05       		.byte	0x5
 315 0028 696E7400 		.ascii	"int\000"
 316 002c 03       		.uleb128 0x3
 317 002d 06000000 		.4byte	.LASF11
 318 0031 02       		.byte	0x2
 319 0032 D4       		.byte	0xd4
 320 0033 37000000 		.4byte	0x37
 321 0037 04       		.uleb128 0x4
 322 0038 04       		.byte	0x4
 323 0039 07       		.byte	0x7
 324 003a E5000000 		.4byte	.LASF0
 325 003e 04       		.uleb128 0x4
 326 003f 01       		.byte	0x1
 327 0040 06       		.byte	0x6
 328 0041 3E020000 		.4byte	.LASF1
 329 0045 04       		.uleb128 0x4
 330 0046 01       		.byte	0x1
 331 0047 08       		.byte	0x8
 332 0048 7C000000 		.4byte	.LASF2
 333 004c 04       		.uleb128 0x4
 334 004d 02       		.byte	0x2
ARM GAS  C:\Users\EDTRIC~1\AppData\Local\Temp\cc394kUd.s 			page 12


 335 004e 05       		.byte	0x5
 336 004f 0A020000 		.4byte	.LASF3
 337 0053 04       		.uleb128 0x4
 338 0054 02       		.byte	0x2
 339 0055 07       		.byte	0x7
 340 0056 37000000 		.4byte	.LASF4
 341 005a 04       		.uleb128 0x4
 342 005b 04       		.byte	0x4
 343 005c 05       		.byte	0x5
 344 005d 29020000 		.4byte	.LASF5
 345 0061 04       		.uleb128 0x4
 346 0062 04       		.byte	0x4
 347 0063 07       		.byte	0x7
 348 0064 5A000000 		.4byte	.LASF6
 349 0068 04       		.uleb128 0x4
 350 0069 08       		.byte	0x8
 351 006a 05       		.byte	0x5
 352 006b 69010000 		.4byte	.LASF7
 353 006f 04       		.uleb128 0x4
 354 0070 08       		.byte	0x8
 355 0071 07       		.byte	0x7
 356 0072 07010000 		.4byte	.LASF8
 357 0076 04       		.uleb128 0x4
 358 0077 04       		.byte	0x4
 359 0078 07       		.byte	0x7
 360 0079 60010000 		.4byte	.LASF9
 361 007d 05       		.uleb128 0x5
 362 007e 04       		.byte	0x4
 363 007f 06       		.uleb128 0x6
 364 0080 04       		.byte	0x4
 365 0081 85000000 		.4byte	0x85
 366 0085 07       		.uleb128 0x7
 367 0086 04       		.uleb128 0x4
 368 0087 01       		.byte	0x1
 369 0088 08       		.byte	0x8
 370 0089 77010000 		.4byte	.LASF10
 371 008d 03       		.uleb128 0x3
 372 008e 6C000000 		.4byte	.LASF12
 373 0092 03       		.byte	0x3
 374 0093 B3       		.byte	0xb3
 375 0094 45000000 		.4byte	0x45
 376 0098 03       		.uleb128 0x3
 377 0099 D7000000 		.4byte	.LASF13
 378 009d 03       		.byte	0x3
 379 009e B4       		.byte	0xb4
 380 009f 53000000 		.4byte	0x53
 381 00a3 03       		.uleb128 0x3
 382 00a4 DE000000 		.4byte	.LASF14
 383 00a8 03       		.byte	0x3
 384 00a9 B5       		.byte	0xb5
 385 00aa 61000000 		.4byte	0x61
 386 00ae 04       		.uleb128 0x4
 387 00af 04       		.byte	0x4
 388 00b0 04       		.byte	0x4
 389 00b1 4A000000 		.4byte	.LASF15
 390 00b5 04       		.uleb128 0x4
 391 00b6 08       		.byte	0x8
ARM GAS  C:\Users\EDTRIC~1\AppData\Local\Temp\cc394kUd.s 			page 13


 392 00b7 04       		.byte	0x4
 393 00b8 91000000 		.4byte	.LASF16
 394 00bc 08       		.uleb128 0x8
 395 00bd 55000000 		.4byte	.LASF17
 396 00c1 03       		.byte	0x3
 397 00c2 5D01     		.2byte	0x15d
 398 00c4 C8000000 		.4byte	0xc8
 399 00c8 09       		.uleb128 0x9
 400 00c9 8D000000 		.4byte	0x8d
 401 00cd 08       		.uleb128 0x8
 402 00ce 00000000 		.4byte	.LASF18
 403 00d2 03       		.byte	0x3
 404 00d3 5F01     		.2byte	0x15f
 405 00d5 D9000000 		.4byte	0xd9
 406 00d9 09       		.uleb128 0x9
 407 00da A3000000 		.4byte	0xa3
 408 00de 08       		.uleb128 0x8
 409 00df 1E010000 		.4byte	.LASF19
 410 00e3 03       		.byte	0x3
 411 00e4 6F01     		.2byte	0x16f
 412 00e6 7F000000 		.4byte	0x7f
 413 00ea 0A       		.uleb128 0xa
 414 00eb 72000000 		.4byte	.LASF20
 415 00ef 01       		.byte	0x1
 416 00f0 3D       		.byte	0x3d
 417 00f1 00000000 		.4byte	.LFB0
 418 00f5 0C000000 		.4byte	.LFE0-.LFB0
 419 00f9 01       		.uleb128 0x1
 420 00fa 9C       		.byte	0x9c
 421 00fb 37010000 		.4byte	0x137
 422 00ff 0B       		.uleb128 0xb
 423 0100 7300     		.ascii	"s\000"
 424 0102 01       		.byte	0x1
 425 0103 3D       		.byte	0x3d
 426 0104 7D000000 		.4byte	0x7d
 427 0108 00000000 		.4byte	.LLST0
 428 010c 0B       		.uleb128 0xb
 429 010d 6E00     		.ascii	"n\000"
 430 010f 01       		.byte	0x1
 431 0110 3D       		.byte	0x3d
 432 0111 2C000000 		.4byte	0x2c
 433 0115 21000000 		.4byte	.LLST1
 434 0119 0C       		.uleb128 0xc
 435 011a 0A000000 		.4byte	.LVL2
 436 011e 3A020000 		.4byte	0x23a
 437 0122 0D       		.uleb128 0xd
 438 0123 01       		.uleb128 0x1
 439 0124 52       		.byte	0x52
 440 0125 03       		.uleb128 0x3
 441 0126 F3       		.byte	0xf3
 442 0127 01       		.uleb128 0x1
 443 0128 51       		.byte	0x51
 444 0129 0D       		.uleb128 0xd
 445 012a 01       		.uleb128 0x1
 446 012b 51       		.byte	0x51
 447 012c 01       		.uleb128 0x1
 448 012d 30       		.byte	0x30
ARM GAS  C:\Users\EDTRIC~1\AppData\Local\Temp\cc394kUd.s 			page 14


 449 012e 0D       		.uleb128 0xd
 450 012f 01       		.uleb128 0x1
 451 0130 50       		.byte	0x50
 452 0131 03       		.uleb128 0x3
 453 0132 F3       		.byte	0xf3
 454 0133 01       		.uleb128 0x1
 455 0134 50       		.byte	0x50
 456 0135 00       		.byte	0
 457 0136 00       		.byte	0
 458 0137 0A       		.uleb128 0xa
 459 0138 2C000000 		.4byte	.LASF21
 460 013c 01       		.byte	0x1
 461 013d 92       		.byte	0x92
 462 013e 00000000 		.4byte	.LFB3
 463 0142 90000000 		.4byte	.LFE3-.LFB3
 464 0146 01       		.uleb128 0x1
 465 0147 9C       		.byte	0x9c
 466 0148 82010000 		.4byte	0x182
 467 014c 0E       		.uleb128 0xe
 468 014d 14000000 		.4byte	.LVL3
 469 0151 57020000 		.4byte	0x257
 470 0155 5F010000 		.4byte	0x15f
 471 0159 0D       		.uleb128 0xd
 472 015a 01       		.uleb128 0x1
 473 015b 50       		.byte	0x50
 474 015c 01       		.uleb128 0x1
 475 015d 48       		.byte	0x48
 476 015e 00       		.byte	0
 477 015f 0E       		.uleb128 0xe
 478 0160 4E000000 		.4byte	.LVL4
 479 0164 68020000 		.4byte	0x268
 480 0168 72010000 		.4byte	0x172
 481 016c 0D       		.uleb128 0xd
 482 016d 01       		.uleb128 0x1
 483 016e 50       		.byte	0x50
 484 016f 01       		.uleb128 0x1
 485 0170 39       		.byte	0x39
 486 0171 00       		.byte	0
 487 0172 0C       		.uleb128 0xc
 488 0173 54000000 		.4byte	.LVL5
 489 0177 82020000 		.4byte	0x282
 490 017b 0D       		.uleb128 0xd
 491 017c 01       		.uleb128 0x1
 492 017d 50       		.byte	0x50
 493 017e 01       		.uleb128 0x1
 494 017f 39       		.byte	0x39
 495 0180 00       		.byte	0
 496 0181 00       		.byte	0
 497 0182 0F       		.uleb128 0xf
 498 0183 F2000000 		.4byte	.LASF31
 499 0187 01       		.byte	0x1
 500 0188 E1       		.byte	0xe1
 501 0189 90000000 		.4byte	.LFB5
 502 018d D4000000 		.4byte	.LFE5-.LFB5
 503 0191 01       		.uleb128 0x1
 504 0192 9C       		.byte	0x9c
 505 0193 3A020000 		.4byte	0x23a
ARM GAS  C:\Users\EDTRIC~1\AppData\Local\Temp\cc394kUd.s 			page 15


 506 0197 10       		.uleb128 0x10
 507 0198 94000000 		.4byte	.LBB2
 508 019c 6C000000 		.4byte	.LBE2-.LBB2
 509 01a0 30020000 		.4byte	0x230
 510 01a4 11       		.uleb128 0x11
 511 01a5 06       		.byte	0x6
 512 01a6 01       		.byte	0x1
 513 01a7 E8       		.byte	0xe8
 514 01a8 C5010000 		.4byte	0x1c5
 515 01ac 12       		.uleb128 0x12
 516 01ad FF000000 		.4byte	.LASF22
 517 01b1 01       		.byte	0x1
 518 01b2 E9       		.byte	0xe9
 519 01b3 7D000000 		.4byte	0x7d
 520 01b7 00       		.byte	0
 521 01b8 12       		.uleb128 0x12
 522 01b9 50000000 		.4byte	.LASF23
 523 01bd 01       		.byte	0x1
 524 01be EA       		.byte	0xea
 525 01bf 98000000 		.4byte	0x98
 526 01c3 04       		.byte	0x4
 527 01c4 00       		.byte	0
 528 01c5 03       		.uleb128 0x3
 529 01c6 2B010000 		.4byte	.LASF24
 530 01ca 01       		.byte	0x1
 531 01cb EB       		.byte	0xeb
 532 01cc A4010000 		.4byte	0x1a4
 533 01d0 13       		.uleb128 0x13
 534 01d1 C5010000 		.4byte	0x1c5
 535 01d5 E0010000 		.4byte	0x1e0
 536 01d9 14       		.uleb128 0x14
 537 01da 76000000 		.4byte	0x76
 538 01de 01       		.byte	0x1
 539 01df 00       		.byte	0
 540 01e0 15       		.uleb128 0x15
 541 01e1 1C000000 		.4byte	.LASF25
 542 01e5 01       		.byte	0x1
 543 01e6 ED       		.byte	0xed
 544 01e7 F1010000 		.4byte	0x1f1
 545 01eb 05       		.uleb128 0x5
 546 01ec 03       		.byte	0x3
 547 01ed 00000000 		.4byte	cfg_memset_list.4714
 548 01f1 16       		.uleb128 0x16
 549 01f2 D0010000 		.4byte	0x1d0
 550 01f6 17       		.uleb128 0x17
 551 01f7 6900     		.ascii	"i\000"
 552 01f9 01       		.byte	0x1
 553 01fa F3       		.byte	0xf3
 554 01fb 8D000000 		.4byte	0x8d
 555 01ff 4D000000 		.4byte	.LLST2
 556 0203 18       		.uleb128 0x18
 557 0204 98000000 		.4byte	.LBB3
 558 0208 1E000000 		.4byte	.LBE3-.LBB3
 559 020c 17       		.uleb128 0x17
 560 020d 6D7300   		.ascii	"ms\000"
 561 0210 01       		.byte	0x1
 562 0211 F8       		.byte	0xf8
ARM GAS  C:\Users\EDTRIC~1\AppData\Local\Temp\cc394kUd.s 			page 16


 563 0212 1A020000 		.4byte	0x21a
 564 0216 77000000 		.4byte	.LLST3
 565 021a 06       		.uleb128 0x6
 566 021b 04       		.byte	0x4
 567 021c 20020000 		.4byte	0x220
 568 0220 16       		.uleb128 0x16
 569 0221 C5010000 		.4byte	0x1c5
 570 0225 19       		.uleb128 0x19
 571 0226 B6000000 		.4byte	.LVL8
 572 022a EA000000 		.4byte	0xea
 573 022e 00       		.byte	0
 574 022f 00       		.byte	0
 575 0230 19       		.uleb128 0x19
 576 0231 2A010000 		.4byte	.LVL11
 577 0235 37010000 		.4byte	0x137
 578 0239 00       		.byte	0
 579 023a 1A       		.uleb128 0x1a
 580 023b 8A000000 		.4byte	.LASF26
 581 023f 7D000000 		.4byte	0x7d
 582 0243 57020000 		.4byte	0x257
 583 0247 1B       		.uleb128 0x1b
 584 0248 7D000000 		.4byte	0x7d
 585 024c 1B       		.uleb128 0x1b
 586 024d 25000000 		.4byte	0x25
 587 0251 1B       		.uleb128 0x1b
 588 0252 76000000 		.4byte	0x76
 589 0256 00       		.byte	0
 590 0257 1C       		.uleb128 0x1c
 591 0258 14020000 		.4byte	.LASF27
 592 025c 04       		.byte	0x4
 593 025d 31       		.byte	0x31
 594 025e 68020000 		.4byte	0x268
 595 0262 1B       		.uleb128 0x1b
 596 0263 A3000000 		.4byte	0xa3
 597 0267 00       		.byte	0
 598 0268 1D       		.uleb128 0x1d
 599 0269 0D000000 		.4byte	.LASF32
 600 026d 04       		.byte	0x4
 601 026e 46       		.byte	0x46
 602 026f DE000000 		.4byte	0xde
 603 0273 82020000 		.4byte	0x282
 604 0277 1B       		.uleb128 0x1b
 605 0278 8D000000 		.4byte	0x8d
 606 027c 1B       		.uleb128 0x1b
 607 027d DE000000 		.4byte	0xde
 608 0281 00       		.byte	0
 609 0282 1E       		.uleb128 0x1e
 610 0283 32020000 		.4byte	.LASF33
 611 0287 04       		.byte	0x4
 612 0288 4C       		.byte	0x4c
 613 0289 1B       		.uleb128 0x1b
 614 028a 8D000000 		.4byte	0x8d
 615 028e 00       		.byte	0
 616 028f 00       		.byte	0
 617              		.section	.debug_abbrev,"",%progbits
 618              	.Ldebug_abbrev0:
 619 0000 01       		.uleb128 0x1
ARM GAS  C:\Users\EDTRIC~1\AppData\Local\Temp\cc394kUd.s 			page 17


 620 0001 11       		.uleb128 0x11
 621 0002 01       		.byte	0x1
 622 0003 25       		.uleb128 0x25
 623 0004 0E       		.uleb128 0xe
 624 0005 13       		.uleb128 0x13
 625 0006 0B       		.uleb128 0xb
 626 0007 03       		.uleb128 0x3
 627 0008 0E       		.uleb128 0xe
 628 0009 1B       		.uleb128 0x1b
 629 000a 0E       		.uleb128 0xe
 630 000b 55       		.uleb128 0x55
 631 000c 17       		.uleb128 0x17
 632 000d 11       		.uleb128 0x11
 633 000e 01       		.uleb128 0x1
 634 000f 10       		.uleb128 0x10
 635 0010 17       		.uleb128 0x17
 636 0011 00       		.byte	0
 637 0012 00       		.byte	0
 638 0013 02       		.uleb128 0x2
 639 0014 24       		.uleb128 0x24
 640 0015 00       		.byte	0
 641 0016 0B       		.uleb128 0xb
 642 0017 0B       		.uleb128 0xb
 643 0018 3E       		.uleb128 0x3e
 644 0019 0B       		.uleb128 0xb
 645 001a 03       		.uleb128 0x3
 646 001b 08       		.uleb128 0x8
 647 001c 00       		.byte	0
 648 001d 00       		.byte	0
 649 001e 03       		.uleb128 0x3
 650 001f 16       		.uleb128 0x16
 651 0020 00       		.byte	0
 652 0021 03       		.uleb128 0x3
 653 0022 0E       		.uleb128 0xe
 654 0023 3A       		.uleb128 0x3a
 655 0024 0B       		.uleb128 0xb
 656 0025 3B       		.uleb128 0x3b
 657 0026 0B       		.uleb128 0xb
 658 0027 49       		.uleb128 0x49
 659 0028 13       		.uleb128 0x13
 660 0029 00       		.byte	0
 661 002a 00       		.byte	0
 662 002b 04       		.uleb128 0x4
 663 002c 24       		.uleb128 0x24
 664 002d 00       		.byte	0
 665 002e 0B       		.uleb128 0xb
 666 002f 0B       		.uleb128 0xb
 667 0030 3E       		.uleb128 0x3e
 668 0031 0B       		.uleb128 0xb
 669 0032 03       		.uleb128 0x3
 670 0033 0E       		.uleb128 0xe
 671 0034 00       		.byte	0
 672 0035 00       		.byte	0
 673 0036 05       		.uleb128 0x5
 674 0037 0F       		.uleb128 0xf
 675 0038 00       		.byte	0
 676 0039 0B       		.uleb128 0xb
ARM GAS  C:\Users\EDTRIC~1\AppData\Local\Temp\cc394kUd.s 			page 18


 677 003a 0B       		.uleb128 0xb
 678 003b 00       		.byte	0
 679 003c 00       		.byte	0
 680 003d 06       		.uleb128 0x6
 681 003e 0F       		.uleb128 0xf
 682 003f 00       		.byte	0
 683 0040 0B       		.uleb128 0xb
 684 0041 0B       		.uleb128 0xb
 685 0042 49       		.uleb128 0x49
 686 0043 13       		.uleb128 0x13
 687 0044 00       		.byte	0
 688 0045 00       		.byte	0
 689 0046 07       		.uleb128 0x7
 690 0047 15       		.uleb128 0x15
 691 0048 00       		.byte	0
 692 0049 27       		.uleb128 0x27
 693 004a 19       		.uleb128 0x19
 694 004b 00       		.byte	0
 695 004c 00       		.byte	0
 696 004d 08       		.uleb128 0x8
 697 004e 16       		.uleb128 0x16
 698 004f 00       		.byte	0
 699 0050 03       		.uleb128 0x3
 700 0051 0E       		.uleb128 0xe
 701 0052 3A       		.uleb128 0x3a
 702 0053 0B       		.uleb128 0xb
 703 0054 3B       		.uleb128 0x3b
 704 0055 05       		.uleb128 0x5
 705 0056 49       		.uleb128 0x49
 706 0057 13       		.uleb128 0x13
 707 0058 00       		.byte	0
 708 0059 00       		.byte	0
 709 005a 09       		.uleb128 0x9
 710 005b 35       		.uleb128 0x35
 711 005c 00       		.byte	0
 712 005d 49       		.uleb128 0x49
 713 005e 13       		.uleb128 0x13
 714 005f 00       		.byte	0
 715 0060 00       		.byte	0
 716 0061 0A       		.uleb128 0xa
 717 0062 2E       		.uleb128 0x2e
 718 0063 01       		.byte	0x1
 719 0064 03       		.uleb128 0x3
 720 0065 0E       		.uleb128 0xe
 721 0066 3A       		.uleb128 0x3a
 722 0067 0B       		.uleb128 0xb
 723 0068 3B       		.uleb128 0x3b
 724 0069 0B       		.uleb128 0xb
 725 006a 27       		.uleb128 0x27
 726 006b 19       		.uleb128 0x19
 727 006c 11       		.uleb128 0x11
 728 006d 01       		.uleb128 0x1
 729 006e 12       		.uleb128 0x12
 730 006f 06       		.uleb128 0x6
 731 0070 40       		.uleb128 0x40
 732 0071 18       		.uleb128 0x18
 733 0072 9742     		.uleb128 0x2117
ARM GAS  C:\Users\EDTRIC~1\AppData\Local\Temp\cc394kUd.s 			page 19


 734 0074 19       		.uleb128 0x19
 735 0075 01       		.uleb128 0x1
 736 0076 13       		.uleb128 0x13
 737 0077 00       		.byte	0
 738 0078 00       		.byte	0
 739 0079 0B       		.uleb128 0xb
 740 007a 05       		.uleb128 0x5
 741 007b 00       		.byte	0
 742 007c 03       		.uleb128 0x3
 743 007d 08       		.uleb128 0x8
 744 007e 3A       		.uleb128 0x3a
 745 007f 0B       		.uleb128 0xb
 746 0080 3B       		.uleb128 0x3b
 747 0081 0B       		.uleb128 0xb
 748 0082 49       		.uleb128 0x49
 749 0083 13       		.uleb128 0x13
 750 0084 02       		.uleb128 0x2
 751 0085 17       		.uleb128 0x17
 752 0086 00       		.byte	0
 753 0087 00       		.byte	0
 754 0088 0C       		.uleb128 0xc
 755 0089 898201   		.uleb128 0x4109
 756 008c 01       		.byte	0x1
 757 008d 11       		.uleb128 0x11
 758 008e 01       		.uleb128 0x1
 759 008f 31       		.uleb128 0x31
 760 0090 13       		.uleb128 0x13
 761 0091 00       		.byte	0
 762 0092 00       		.byte	0
 763 0093 0D       		.uleb128 0xd
 764 0094 8A8201   		.uleb128 0x410a
 765 0097 00       		.byte	0
 766 0098 02       		.uleb128 0x2
 767 0099 18       		.uleb128 0x18
 768 009a 9142     		.uleb128 0x2111
 769 009c 18       		.uleb128 0x18
 770 009d 00       		.byte	0
 771 009e 00       		.byte	0
 772 009f 0E       		.uleb128 0xe
 773 00a0 898201   		.uleb128 0x4109
 774 00a3 01       		.byte	0x1
 775 00a4 11       		.uleb128 0x11
 776 00a5 01       		.uleb128 0x1
 777 00a6 31       		.uleb128 0x31
 778 00a7 13       		.uleb128 0x13
 779 00a8 01       		.uleb128 0x1
 780 00a9 13       		.uleb128 0x13
 781 00aa 00       		.byte	0
 782 00ab 00       		.byte	0
 783 00ac 0F       		.uleb128 0xf
 784 00ad 2E       		.uleb128 0x2e
 785 00ae 01       		.byte	0x1
 786 00af 3F       		.uleb128 0x3f
 787 00b0 19       		.uleb128 0x19
 788 00b1 03       		.uleb128 0x3
 789 00b2 0E       		.uleb128 0xe
 790 00b3 3A       		.uleb128 0x3a
ARM GAS  C:\Users\EDTRIC~1\AppData\Local\Temp\cc394kUd.s 			page 20


 791 00b4 0B       		.uleb128 0xb
 792 00b5 3B       		.uleb128 0x3b
 793 00b6 0B       		.uleb128 0xb
 794 00b7 27       		.uleb128 0x27
 795 00b8 19       		.uleb128 0x19
 796 00b9 11       		.uleb128 0x11
 797 00ba 01       		.uleb128 0x1
 798 00bb 12       		.uleb128 0x12
 799 00bc 06       		.uleb128 0x6
 800 00bd 40       		.uleb128 0x40
 801 00be 18       		.uleb128 0x18
 802 00bf 9742     		.uleb128 0x2117
 803 00c1 19       		.uleb128 0x19
 804 00c2 01       		.uleb128 0x1
 805 00c3 13       		.uleb128 0x13
 806 00c4 00       		.byte	0
 807 00c5 00       		.byte	0
 808 00c6 10       		.uleb128 0x10
 809 00c7 0B       		.uleb128 0xb
 810 00c8 01       		.byte	0x1
 811 00c9 11       		.uleb128 0x11
 812 00ca 01       		.uleb128 0x1
 813 00cb 12       		.uleb128 0x12
 814 00cc 06       		.uleb128 0x6
 815 00cd 01       		.uleb128 0x1
 816 00ce 13       		.uleb128 0x13
 817 00cf 00       		.byte	0
 818 00d0 00       		.byte	0
 819 00d1 11       		.uleb128 0x11
 820 00d2 13       		.uleb128 0x13
 821 00d3 01       		.byte	0x1
 822 00d4 0B       		.uleb128 0xb
 823 00d5 0B       		.uleb128 0xb
 824 00d6 3A       		.uleb128 0x3a
 825 00d7 0B       		.uleb128 0xb
 826 00d8 3B       		.uleb128 0x3b
 827 00d9 0B       		.uleb128 0xb
 828 00da 01       		.uleb128 0x1
 829 00db 13       		.uleb128 0x13
 830 00dc 00       		.byte	0
 831 00dd 00       		.byte	0
 832 00de 12       		.uleb128 0x12
 833 00df 0D       		.uleb128 0xd
 834 00e0 00       		.byte	0
 835 00e1 03       		.uleb128 0x3
 836 00e2 0E       		.uleb128 0xe
 837 00e3 3A       		.uleb128 0x3a
 838 00e4 0B       		.uleb128 0xb
 839 00e5 3B       		.uleb128 0x3b
 840 00e6 0B       		.uleb128 0xb
 841 00e7 49       		.uleb128 0x49
 842 00e8 13       		.uleb128 0x13
 843 00e9 38       		.uleb128 0x38
 844 00ea 0B       		.uleb128 0xb
 845 00eb 00       		.byte	0
 846 00ec 00       		.byte	0
 847 00ed 13       		.uleb128 0x13
ARM GAS  C:\Users\EDTRIC~1\AppData\Local\Temp\cc394kUd.s 			page 21


 848 00ee 01       		.uleb128 0x1
 849 00ef 01       		.byte	0x1
 850 00f0 49       		.uleb128 0x49
 851 00f1 13       		.uleb128 0x13
 852 00f2 01       		.uleb128 0x1
 853 00f3 13       		.uleb128 0x13
 854 00f4 00       		.byte	0
 855 00f5 00       		.byte	0
 856 00f6 14       		.uleb128 0x14
 857 00f7 21       		.uleb128 0x21
 858 00f8 00       		.byte	0
 859 00f9 49       		.uleb128 0x49
 860 00fa 13       		.uleb128 0x13
 861 00fb 2F       		.uleb128 0x2f
 862 00fc 0B       		.uleb128 0xb
 863 00fd 00       		.byte	0
 864 00fe 00       		.byte	0
 865 00ff 15       		.uleb128 0x15
 866 0100 34       		.uleb128 0x34
 867 0101 00       		.byte	0
 868 0102 03       		.uleb128 0x3
 869 0103 0E       		.uleb128 0xe
 870 0104 3A       		.uleb128 0x3a
 871 0105 0B       		.uleb128 0xb
 872 0106 3B       		.uleb128 0x3b
 873 0107 0B       		.uleb128 0xb
 874 0108 49       		.uleb128 0x49
 875 0109 13       		.uleb128 0x13
 876 010a 02       		.uleb128 0x2
 877 010b 18       		.uleb128 0x18
 878 010c 00       		.byte	0
 879 010d 00       		.byte	0
 880 010e 16       		.uleb128 0x16
 881 010f 26       		.uleb128 0x26
 882 0110 00       		.byte	0
 883 0111 49       		.uleb128 0x49
 884 0112 13       		.uleb128 0x13
 885 0113 00       		.byte	0
 886 0114 00       		.byte	0
 887 0115 17       		.uleb128 0x17
 888 0116 34       		.uleb128 0x34
 889 0117 00       		.byte	0
 890 0118 03       		.uleb128 0x3
 891 0119 08       		.uleb128 0x8
 892 011a 3A       		.uleb128 0x3a
 893 011b 0B       		.uleb128 0xb
 894 011c 3B       		.uleb128 0x3b
 895 011d 0B       		.uleb128 0xb
 896 011e 49       		.uleb128 0x49
 897 011f 13       		.uleb128 0x13
 898 0120 02       		.uleb128 0x2
 899 0121 17       		.uleb128 0x17
 900 0122 00       		.byte	0
 901 0123 00       		.byte	0
 902 0124 18       		.uleb128 0x18
 903 0125 0B       		.uleb128 0xb
 904 0126 01       		.byte	0x1
ARM GAS  C:\Users\EDTRIC~1\AppData\Local\Temp\cc394kUd.s 			page 22


 905 0127 11       		.uleb128 0x11
 906 0128 01       		.uleb128 0x1
 907 0129 12       		.uleb128 0x12
 908 012a 06       		.uleb128 0x6
 909 012b 00       		.byte	0
 910 012c 00       		.byte	0
 911 012d 19       		.uleb128 0x19
 912 012e 898201   		.uleb128 0x4109
 913 0131 00       		.byte	0
 914 0132 11       		.uleb128 0x11
 915 0133 01       		.uleb128 0x1
 916 0134 31       		.uleb128 0x31
 917 0135 13       		.uleb128 0x13
 918 0136 00       		.byte	0
 919 0137 00       		.byte	0
 920 0138 1A       		.uleb128 0x1a
 921 0139 2E       		.uleb128 0x2e
 922 013a 01       		.byte	0x1
 923 013b 3F       		.uleb128 0x3f
 924 013c 19       		.uleb128 0x19
 925 013d 03       		.uleb128 0x3
 926 013e 0E       		.uleb128 0xe
 927 013f 27       		.uleb128 0x27
 928 0140 19       		.uleb128 0x19
 929 0141 49       		.uleb128 0x49
 930 0142 13       		.uleb128 0x13
 931 0143 34       		.uleb128 0x34
 932 0144 19       		.uleb128 0x19
 933 0145 3C       		.uleb128 0x3c
 934 0146 19       		.uleb128 0x19
 935 0147 01       		.uleb128 0x1
 936 0148 13       		.uleb128 0x13
 937 0149 00       		.byte	0
 938 014a 00       		.byte	0
 939 014b 1B       		.uleb128 0x1b
 940 014c 05       		.uleb128 0x5
 941 014d 00       		.byte	0
 942 014e 49       		.uleb128 0x49
 943 014f 13       		.uleb128 0x13
 944 0150 00       		.byte	0
 945 0151 00       		.byte	0
 946 0152 1C       		.uleb128 0x1c
 947 0153 2E       		.uleb128 0x2e
 948 0154 01       		.byte	0x1
 949 0155 3F       		.uleb128 0x3f
 950 0156 19       		.uleb128 0x19
 951 0157 03       		.uleb128 0x3
 952 0158 0E       		.uleb128 0xe
 953 0159 3A       		.uleb128 0x3a
 954 015a 0B       		.uleb128 0xb
 955 015b 3B       		.uleb128 0x3b
 956 015c 0B       		.uleb128 0xb
 957 015d 27       		.uleb128 0x27
 958 015e 19       		.uleb128 0x19
 959 015f 3C       		.uleb128 0x3c
 960 0160 19       		.uleb128 0x19
 961 0161 01       		.uleb128 0x1
ARM GAS  C:\Users\EDTRIC~1\AppData\Local\Temp\cc394kUd.s 			page 23


 962 0162 13       		.uleb128 0x13
 963 0163 00       		.byte	0
 964 0164 00       		.byte	0
 965 0165 1D       		.uleb128 0x1d
 966 0166 2E       		.uleb128 0x2e
 967 0167 01       		.byte	0x1
 968 0168 3F       		.uleb128 0x3f
 969 0169 19       		.uleb128 0x19
 970 016a 03       		.uleb128 0x3
 971 016b 0E       		.uleb128 0xe
 972 016c 3A       		.uleb128 0x3a
 973 016d 0B       		.uleb128 0xb
 974 016e 3B       		.uleb128 0x3b
 975 016f 0B       		.uleb128 0xb
 976 0170 27       		.uleb128 0x27
 977 0171 19       		.uleb128 0x19
 978 0172 49       		.uleb128 0x49
 979 0173 13       		.uleb128 0x13
 980 0174 3C       		.uleb128 0x3c
 981 0175 19       		.uleb128 0x19
 982 0176 01       		.uleb128 0x1
 983 0177 13       		.uleb128 0x13
 984 0178 00       		.byte	0
 985 0179 00       		.byte	0
 986 017a 1E       		.uleb128 0x1e
 987 017b 2E       		.uleb128 0x2e
 988 017c 01       		.byte	0x1
 989 017d 3F       		.uleb128 0x3f
 990 017e 19       		.uleb128 0x19
 991 017f 03       		.uleb128 0x3
 992 0180 0E       		.uleb128 0xe
 993 0181 3A       		.uleb128 0x3a
 994 0182 0B       		.uleb128 0xb
 995 0183 3B       		.uleb128 0x3b
 996 0184 0B       		.uleb128 0xb
 997 0185 27       		.uleb128 0x27
 998 0186 19       		.uleb128 0x19
 999 0187 3C       		.uleb128 0x3c
 1000 0188 19       		.uleb128 0x19
 1001 0189 00       		.byte	0
 1002 018a 00       		.byte	0
 1003 018b 00       		.byte	0
 1004              		.section	.debug_loc,"",%progbits
 1005              	.Ldebug_loc0:
 1006              	.LLST0:
 1007 0000 00000000 		.4byte	.LVL0
 1008 0004 09000000 		.4byte	.LVL2-1
 1009 0008 0100     		.2byte	0x1
 1010 000a 50       		.byte	0x50
 1011 000b 09000000 		.4byte	.LVL2-1
 1012 000f 0C000000 		.4byte	.LFE0
 1013 0013 0400     		.2byte	0x4
 1014 0015 F3       		.byte	0xf3
 1015 0016 01       		.uleb128 0x1
 1016 0017 50       		.byte	0x50
 1017 0018 9F       		.byte	0x9f
 1018 0019 00000000 		.4byte	0
ARM GAS  C:\Users\EDTRIC~1\AppData\Local\Temp\cc394kUd.s 			page 24


 1019 001d 00000000 		.4byte	0
 1020              	.LLST1:
 1021 0021 00000000 		.4byte	.LVL0
 1022 0025 06000000 		.4byte	.LVL1
 1023 0029 0100     		.2byte	0x1
 1024 002b 51       		.byte	0x51
 1025 002c 06000000 		.4byte	.LVL1
 1026 0030 09000000 		.4byte	.LVL2-1
 1027 0034 0100     		.2byte	0x1
 1028 0036 52       		.byte	0x52
 1029 0037 09000000 		.4byte	.LVL2-1
 1030 003b 0C000000 		.4byte	.LFE0
 1031 003f 0400     		.2byte	0x4
 1032 0041 F3       		.byte	0xf3
 1033 0042 01       		.uleb128 0x1
 1034 0043 51       		.byte	0x51
 1035 0044 9F       		.byte	0x9f
 1036 0045 00000000 		.4byte	0
 1037 0049 00000000 		.4byte	0
 1038              	.LLST2:
 1039 004d 94000000 		.4byte	.LVL6
 1040 0051 98000000 		.4byte	.LVL7
 1041 0055 0200     		.2byte	0x2
 1042 0057 30       		.byte	0x30
 1043 0058 9F       		.byte	0x9f
 1044 0059 98000000 		.4byte	.LVL7
 1045 005d B8000000 		.4byte	.LVL9
 1046 0061 0100     		.2byte	0x1
 1047 0063 54       		.byte	0x54
 1048 0064 BA000000 		.4byte	.LVL10
 1049 0068 2A010000 		.4byte	.LVL12
 1050 006c 0100     		.2byte	0x1
 1051 006e 54       		.byte	0x54
 1052 006f 00000000 		.4byte	0
 1053 0073 00000000 		.4byte	0
 1054              	.LLST3:
 1055 0077 98000000 		.4byte	.LVL7
 1056 007b B8000000 		.4byte	.LVL9
 1057 007f 0B00     		.2byte	0xb
 1058 0081 74       		.byte	0x74
 1059 0082 00       		.sleb128 0
 1060 0083 36       		.byte	0x36
 1061 0084 1E       		.byte	0x1e
 1062 0085 03       		.byte	0x3
 1063 0086 00000000 		.4byte	cfg_memset_list.4714
 1064 008a 22       		.byte	0x22
 1065 008b 9F       		.byte	0x9f
 1066 008c B8000000 		.4byte	.LVL9
 1067 0090 BA000000 		.4byte	.LVL10
 1068 0094 0B00     		.2byte	0xb
 1069 0096 74       		.byte	0x74
 1070 0097 7F       		.sleb128 -1
 1071 0098 36       		.byte	0x36
 1072 0099 1E       		.byte	0x1e
 1073 009a 03       		.byte	0x3
 1074 009b 00000000 		.4byte	cfg_memset_list.4714
 1075 009f 22       		.byte	0x22
ARM GAS  C:\Users\EDTRIC~1\AppData\Local\Temp\cc394kUd.s 			page 25


 1076 00a0 9F       		.byte	0x9f
 1077 00a1 00000000 		.4byte	0
 1078 00a5 00000000 		.4byte	0
 1079              		.section	.debug_aranges,"",%progbits
 1080 0000 2C000000 		.4byte	0x2c
 1081 0004 0200     		.2byte	0x2
 1082 0006 00000000 		.4byte	.Ldebug_info0
 1083 000a 04       		.byte	0x4
 1084 000b 00       		.byte	0
 1085 000c 0000     		.2byte	0
 1086 000e 0000     		.2byte	0
 1087 0010 00000000 		.4byte	.LFB0
 1088 0014 0C000000 		.4byte	.LFE0-.LFB0
 1089 0018 00000000 		.4byte	.LFB3
 1090 001c 90000000 		.4byte	.LFE3-.LFB3
 1091 0020 90000000 		.4byte	.LFB5
 1092 0024 D4000000 		.4byte	.LFE5-.LFB5
 1093 0028 00000000 		.4byte	0
 1094 002c 00000000 		.4byte	0
 1095              		.section	.debug_ranges,"",%progbits
 1096              	.Ldebug_ranges0:
 1097 0000 00000000 		.4byte	.LFB0
 1098 0004 0C000000 		.4byte	.LFE0
 1099 0008 00000000 		.4byte	.LFB3
 1100 000c 90000000 		.4byte	.LFE3
 1101 0010 90000000 		.4byte	.LFB5
 1102 0014 64010000 		.4byte	.LFE5
 1103 0018 00000000 		.4byte	0
 1104 001c 00000000 		.4byte	0
 1105              		.section	.debug_line,"",%progbits
 1106              	.Ldebug_line0:
 1107 0000 36010000 		.section	.debug_str,"MS",%progbits,1
 1107      0200D800 
 1107      00000201 
 1107      FB0E0D00 
 1107      01010101 
 1108              	.LASF18:
 1109 0000 72656733 		.ascii	"reg32\000"
 1109      3200
 1110              	.LASF11:
 1111 0006 73697A65 		.ascii	"size_t\000"
 1111      5F7400
 1112              	.LASF32:
 1113 000d 4379496E 		.ascii	"CyIntSetVector\000"
 1113      74536574 
 1113      56656374 
 1113      6F7200
 1114              	.LASF25:
 1115 001c 6366675F 		.ascii	"cfg_memset_list\000"
 1115      6D656D73 
 1115      65745F6C 
 1115      69737400 
 1116              	.LASF21:
 1117 002c 436C6F63 		.ascii	"ClockSetup\000"
 1117      6B536574 
 1117      757000
 1118              	.LASF4:
ARM GAS  C:\Users\EDTRIC~1\AppData\Local\Temp\cc394kUd.s 			page 26


 1119 0037 73686F72 		.ascii	"short unsigned int\000"
 1119      7420756E 
 1119      7369676E 
 1119      65642069 
 1119      6E7400
 1120              	.LASF15:
 1121 004a 666C6F61 		.ascii	"float\000"
 1121      7400
 1122              	.LASF23:
 1123 0050 73697A65 		.ascii	"size\000"
 1123      00
 1124              	.LASF17:
 1125 0055 72656738 		.ascii	"reg8\000"
 1125      00
 1126              	.LASF6:
 1127 005a 6C6F6E67 		.ascii	"long unsigned int\000"
 1127      20756E73 
 1127      69676E65 
 1127      6420696E 
 1127      7400
 1128              	.LASF12:
 1129 006c 75696E74 		.ascii	"uint8\000"
 1129      3800
 1130              	.LASF20:
 1131 0072 43594D45 		.ascii	"CYMEMZERO\000"
 1131      4D5A4552 
 1131      4F00
 1132              	.LASF2:
 1133 007c 756E7369 		.ascii	"unsigned char\000"
 1133      676E6564 
 1133      20636861 
 1133      7200
 1134              	.LASF26:
 1135 008a 6D656D73 		.ascii	"memset\000"
 1135      657400
 1136              	.LASF16:
 1137 0091 646F7562 		.ascii	"double\000"
 1137      6C6500
 1138              	.LASF30:
 1139 0098 433A5C55 		.ascii	"C:\\Users\\edtriccorp\\Documents\\GitHub\\LIDAR-Lib"
 1139      73657273 
 1139      5C656474 
 1139      72696363 
 1139      6F72705C 
 1140 00c6 72617279 		.ascii	"rary\\LIDAR.cydsn\000"
 1140      5C4C4944 
 1140      41522E63 
 1140      7964736E 
 1140      00
 1141              	.LASF13:
 1142 00d7 75696E74 		.ascii	"uint16\000"
 1142      313600
 1143              	.LASF14:
 1144 00de 75696E74 		.ascii	"uint32\000"
 1144      333200
 1145              	.LASF0:
 1146 00e5 756E7369 		.ascii	"unsigned int\000"
ARM GAS  C:\Users\EDTRIC~1\AppData\Local\Temp\cc394kUd.s 			page 27


 1146      676E6564 
 1146      20696E74 
 1146      00
 1147              	.LASF31:
 1148 00f2 63796669 		.ascii	"cyfitter_cfg\000"
 1148      74746572 
 1148      5F636667 
 1148      00
 1149              	.LASF22:
 1150 00ff 61646472 		.ascii	"address\000"
 1150      65737300 
 1151              	.LASF8:
 1152 0107 6C6F6E67 		.ascii	"long long unsigned int\000"
 1152      206C6F6E 
 1152      6720756E 
 1152      7369676E 
 1152      65642069 
 1153              	.LASF19:
 1154 011e 63796973 		.ascii	"cyisraddress\000"
 1154      72616464 
 1154      72657373 
 1154      00
 1155              	.LASF24:
 1156 012b 6366675F 		.ascii	"cfg_memset_t\000"
 1156      6D656D73 
 1156      65745F74 
 1156      00
 1157              	.LASF29:
 1158 0138 2E5C4765 		.ascii	".\\Generated_Source\\PSoC4\\cyfitter_cfg.c\000"
 1158      6E657261 
 1158      7465645F 
 1158      536F7572 
 1158      63655C50 
 1159              	.LASF9:
 1160 0160 73697A65 		.ascii	"sizetype\000"
 1160      74797065 
 1160      00
 1161              	.LASF7:
 1162 0169 6C6F6E67 		.ascii	"long long int\000"
 1162      206C6F6E 
 1162      6720696E 
 1162      7400
 1163              	.LASF10:
 1164 0177 63686172 		.ascii	"char\000"
 1164      00
 1165              	.LASF28:
 1166 017c 474E5520 		.ascii	"GNU C 4.9.3 20150303 (release) [ARM/embedded-4_9-br"
 1166      4320342E 
 1166      392E3320 
 1166      32303135 
 1166      30333033 
 1167 01af 616E6368 		.ascii	"anch revision 221220] -mcpu=cortex-m0 -mthumb -g -O"
 1167      20726576 
 1167      6973696F 
 1167      6E203232 
 1167      31323230 
 1168 01e2 67202D66 		.ascii	"g -ffunction-sections -ffat-lto-objects\000"
ARM GAS  C:\Users\EDTRIC~1\AppData\Local\Temp\cc394kUd.s 			page 28


 1168      66756E63 
 1168      74696F6E 
 1168      2D736563 
 1168      74696F6E 
 1169              	.LASF3:
 1170 020a 73686F72 		.ascii	"short int\000"
 1170      7420696E 
 1170      7400
 1171              	.LASF27:
 1172 0214 43795379 		.ascii	"CySysClkWriteImoFreq\000"
 1172      73436C6B 
 1172      57726974 
 1172      65496D6F 
 1172      46726571 
 1173              	.LASF5:
 1174 0229 6C6F6E67 		.ascii	"long int\000"
 1174      20696E74 
 1174      00
 1175              	.LASF33:
 1176 0232 4379496E 		.ascii	"CyIntEnable\000"
 1176      74456E61 
 1176      626C6500 
 1177              	.LASF1:
 1178 023e 7369676E 		.ascii	"signed char\000"
 1178      65642063 
 1178      68617200 
 1179              		.ident	"GCC: (GNU Tools for ARM Embedded Processors) 4.9.3 20150303 (release) [ARM/embedded-4_9-br
